

================================================================
== Vivado HLS Report for 'rbf_kernel'
================================================================
* Date:           Sat Jun 15 22:10:46 2019

* Version:        2018.2 (Build 2258646 on Thu Jun 14 20:25:20 MDT 2018)
* Project:        tiled_kernel_matrix
* Solution:       solution1
* Product family: zynq
* Target device:  xc7z020clg400-1


================================================================
== Performance Estimates
================================================================
+ Timing (ns): 
    * Summary: 
    +--------+-------+----------+------------+
    |  Clock | Target| Estimated| Uncertainty|
    +--------+-------+----------+------------+
    |ap_clk  |  10.00|     9.331|        1.25|
    +--------+-------+----------+------------+

+ Latency (clock cycles): 
    * Summary: 
    +------+------+------+------+---------+
    |   Latency   |   Interval  | Pipeline|
    |  min |  max |  min |  max |   Type  |
    +------+------+------+------+---------+
    |  3943|  3943|  3943|  3943|   none  |
    +------+------+------+------+---------+

    + Detail: 
        * Instance: 
        N/A

        * Loop: 
        N/A



================================================================
== Utilization Estimates
================================================================
* Summary: 
+-----------------+---------+-------+--------+-------+
|       Name      | BRAM_18K| DSP48E|   FF   |  LUT  |
+-----------------+---------+-------+--------+-------+
|DSP              |        -|      -|       -|      -|
|Expression       |        -|      -|       -|      -|
|FIFO             |        -|      -|       -|      -|
|Instance         |        -|     12|     625|   1635|
|Memory           |        -|      -|       -|      -|
|Multiplexer      |        -|      -|       -|   6681|
|Register         |        -|      -|    4136|      -|
+-----------------+---------+-------+--------+-------+
|Total            |        0|     12|    4761|   8316|
+-----------------+---------+-------+--------+-------+
|Available        |      280|    220|  106400|  53200|
+-----------------+---------+-------+--------+-------+
|Utilization (%)  |        0|      5|       4|     15|
+-----------------+---------+-------+--------+-------+

+ Detail: 
    * Instance: 
    +-------------------------+----------------------+---------+-------+-----+-----+
    |         Instance        |        Module        | BRAM_18K| DSP48E|  FF | LUT |
    +-------------------------+----------------------+---------+-------+-----+-----+
    |tiled_kernel_matrbkb_U1  |tiled_kernel_matrbkb  |        0|      2|  205|  390|
    |tiled_kernel_matrcud_U2  |tiled_kernel_matrcud  |        0|      3|  143|  321|
    |tiled_kernel_matrdEe_U3  |tiled_kernel_matrdEe  |        0|      7|  277|  924|
    +-------------------------+----------------------+---------+-------+-----+-----+
    |Total                    |                      |        0|     12|  625| 1635|
    +-------------------------+----------------------+---------+-------+-----+-----+

    * DSP48: 
    N/A

    * Memory: 
    N/A

    * FIFO: 
    N/A

    * Expression: 
    N/A

    * Multiplexer: 
    +---------------------+------+-----------+-----+-----------+
    |         Name        |  LUT | Input Size| Bits| Total Bits|
    +---------------------+------+-----------+-----+-----------+
    |ap_NS_fsm            |  2193|       3945|    1|       3945|
    |ap_return            |     9|          2|   32|         64|
    |grp_fu_15700_opcode  |    15|          3|    2|          6|
    |grp_fu_15700_p0      |    21|          4|   32|        128|
    |grp_fu_15700_p1      |    21|          4|   32|        128|
    |grp_fu_15705_p0      |    15|          3|   32|         96|
    |grp_fu_15705_p1      |    21|          4|   32|        128|
    |input1_address0      |  2193|        785|   10|       7850|
    |input2_address0      |  2193|        785|   10|       7850|
    +---------------------+------+-----------+-----+-----------+
    |Total                |  6681|       5535|  183|      20195|
    +---------------------+------+-----------+-----+-----------+

    * Register: 
    +----------------+------+----+------+-----------+
    |      Name      |  FF  | LUT| Bits | Const Bits|
    +----------------+------+----+------+-----------+
    |ap_CS_fsm       |  3944|   0|  3944|          0|
    |ap_return_preg  |    32|   0|    32|          0|
    |reg_15715       |    32|   0|    32|          0|
    |reg_15720       |    32|   0|    32|          0|
    |reg_15725       |    32|   0|    32|          0|
    |reg_15732       |    32|   0|    32|          0|
    |reg_15739       |    32|   0|    32|          0|
    +----------------+------+----+------+-----------+
    |Total           |  4136|   0|  4136|          0|
    +----------------+------+----+------+-----------+



================================================================
== Interface
================================================================
* Summary: 
+-----------------+-----+-----+------------+--------------+--------------+
|    RTL Ports    | Dir | Bits|  Protocol  | Source Object|    C Type    |
+-----------------+-----+-----+------------+--------------+--------------+
|ap_clk           |  in |    1| ap_ctrl_hs |  rbf_kernel  | return value |
|ap_rst           |  in |    1| ap_ctrl_hs |  rbf_kernel  | return value |
|ap_start         |  in |    1| ap_ctrl_hs |  rbf_kernel  | return value |
|ap_done          | out |    1| ap_ctrl_hs |  rbf_kernel  | return value |
|ap_idle          | out |    1| ap_ctrl_hs |  rbf_kernel  | return value |
|ap_ready         | out |    1| ap_ctrl_hs |  rbf_kernel  | return value |
|ap_return        | out |   32| ap_ctrl_hs |  rbf_kernel  | return value |
|input1_address0  | out |   10|  ap_memory |    input1    |     array    |
|input1_ce0       | out |    1|  ap_memory |    input1    |     array    |
|input1_q0        |  in |   32|  ap_memory |    input1    |     array    |
|input2_address0  | out |   10|  ap_memory |    input2    |     array    |
|input2_ce0       | out |    1|  ap_memory |    input2    |     array    |
|input2_q0        |  in |   32|  ap_memory |    input2    |     array    |
+-----------------+-----+-----+------------+--------------+--------------+

